

================================================================
== Vitis HLS Report for 'fft'
================================================================
* Date:           Sun Jun 23 03:43:33 2024

* Version:        2023.2 (Build 4023990 on Oct 11 2023)
* Project:        fft
* Solution:       solution1 (Vivado IP Flow Target)
* Product family: virtexuplusHBM
* Target device:  xcvu35p-fsvh2104-1-e


================================================================
== Performance Estimates
================================================================
+ Timing: 
    * Summary: 
    +--------+---------+----------+------------+
    |  Clock |  Target | Estimated| Uncertainty|
    +--------+---------+----------+------------+
    |ap_clk  |  5.00 ns|  3.579 ns|     1.35 ns|
    +--------+---------+----------+------------+

+ Latency: 
    * Summary: 
    +---------+---------+-----------+----------+------+--------+---------+
    |  Latency (cycles) |  Latency (absolute)  |    Interval   | Pipeline|
    |   min   |   max   |    min    |    max   |  min |   max  |   Type  |
    +---------+---------+-----------+----------+------+--------+---------+
    |     3848|   410248|  19.240 us|  2.051 ms|  3849|  410249|       no|
    +---------+---------+-----------+----------+------+--------+---------+

    + Detail: 
        * Instance: 
        +-------------------------------------------+--------------------------------+---------+---------+----------+-----------+-----+------+---------+
        |                                           |                                |  Latency (cycles) |  Latency (absolute)  |  Interval  | Pipeline|
        |                  Instance                 |             Module             |   min   |   max   |    min   |    max    | min |  max |   Type  |
        +-------------------------------------------+--------------------------------+---------+---------+----------+-----------+-----+------+---------+
        |grp_fft_Pipeline_VITIS_LOOP_30_2_fu_208    |fft_Pipeline_VITIS_LOOP_30_2    |       27|     3202|  0.135 us|  16.010 us|   27|  3202|       no|
        |grp_fft_Pipeline_VITIS_LOOP_49_4_fu_223    |fft_Pipeline_VITIS_LOOP_49_4    |       27|     3202|  0.135 us|  16.010 us|   27|  3202|       no|
        |grp_fft_Pipeline_VITIS_LOOP_68_6_fu_238    |fft_Pipeline_VITIS_LOOP_68_6    |       27|     3202|  0.135 us|  16.010 us|   27|  3202|       no|
        |grp_fft_Pipeline_VITIS_LOOP_87_8_fu_253    |fft_Pipeline_VITIS_LOOP_87_8    |       27|     3202|  0.135 us|  16.010 us|   27|  3202|       no|
        |grp_fft_Pipeline_VITIS_LOOP_106_10_fu_268  |fft_Pipeline_VITIS_LOOP_106_10  |       27|     3202|  0.135 us|  16.010 us|   27|  3202|       no|
        |grp_fft_Pipeline_VITIS_LOOP_125_12_fu_283  |fft_Pipeline_VITIS_LOOP_125_12  |       27|     3202|  0.135 us|  16.010 us|   27|  3202|       no|
        |grp_fft_Pipeline_VITIS_LOOP_144_14_fu_298  |fft_Pipeline_VITIS_LOOP_144_14  |       27|     3202|  0.135 us|  16.010 us|   27|  3202|       no|
        |grp_fft_Pipeline_VITIS_LOOP_163_16_fu_313  |fft_Pipeline_VITIS_LOOP_163_16  |       27|     3202|  0.135 us|  16.010 us|   27|  3202|       no|
        +-------------------------------------------+--------------------------------+---------+---------+----------+-----------+-----+------+---------+

        * Loop: 
        +----------------------------+---------+---------+-----------+-----------+-----------+------+----------+
        |                            |  Latency (cycles) | Iteration |  Initiation Interval  | Trip |          |
        |          Loop Name         |   min   |   max   |  Latency  |  achieved |   target  | Count| Pipelined|
        +----------------------------+---------+---------+-----------+-----------+-----------+------+----------+
        |- loop_0_VITIS_LOOP_28_1    |      480|    51280|  30 ~ 3205|          -|          -|    16|        no|
        |- loop_1_VITIS_LOOP_47_3    |      480|    51280|  30 ~ 3205|          -|          -|    16|        no|
        |- loop_2_VITIS_LOOP_66_5    |      480|    51280|  30 ~ 3205|          -|          -|    16|        no|
        |- loop_3_VITIS_LOOP_85_7    |      480|    51280|  30 ~ 3205|          -|          -|    16|        no|
        |- loop_4_VITIS_LOOP_104_9   |      480|    51280|  30 ~ 3205|          -|          -|    16|        no|
        |- loop_5_VITIS_LOOP_123_11  |      480|    51280|  30 ~ 3205|          -|          -|    16|        no|
        |- loop_6_VITIS_LOOP_142_13  |      480|    51280|  30 ~ 3205|          -|          -|    16|        no|
        |- loop_7_VITIS_LOOP_161_15  |      480|    51280|  30 ~ 3205|          -|          -|    16|        no|
        +----------------------------+---------+---------+-----------+-----------+-----------+------+----------+



================================================================
== Utilization Estimates
================================================================
* Summary: 
+---------------------+---------+------+---------+--------+-----+
|         Name        | BRAM_18K|  DSP |    FF   |   LUT  | URAM|
+---------------------+---------+------+---------+--------+-----+
|DSP                  |        -|     -|        -|       -|    -|
|Expression           |        -|     -|        0|     840|    -|
|FIFO                 |        -|     -|        -|       -|    -|
|Instance             |        -|    16|     5126|    3998|    -|
|Memory               |        -|     -|        -|       -|    -|
|Multiplexer          |        -|     -|        -|    1515|    -|
|Register             |        -|     -|      265|       -|    -|
+---------------------+---------+------+---------+--------+-----+
|Total                |        0|    16|     5391|    6353|    0|
+---------------------+---------+------+---------+--------+-----+
|Available SLR        |     1344|  2976|   871680|  435840|  320|
+---------------------+---------+------+---------+--------+-----+
|Utilization SLR (%)  |        0|    ~0|       ~0|       1|    0|
+---------------------+---------+------+---------+--------+-----+
|Available            |     2688|  5952|  1743360|  871680|  640|
+---------------------+---------+------+---------+--------+-----+
|Utilization (%)      |        0|    ~0|       ~0|      ~0|    0|
+---------------------+---------+------+---------+--------+-----+

+ Detail: 
    * Instance: 
    +-------------------------------------------+------------------------------------+---------+----+-----+-----+-----+
    |                  Instance                 |               Module               | BRAM_18K| DSP|  FF | LUT | URAM|
    +-------------------------------------------+------------------------------------+---------+----+-----+-----+-----+
    |faddfsub_32ns_32ns_32_5_full_dsp_1_U105    |faddfsub_32ns_32ns_32_5_full_dsp_1  |        0|   2|  205|  219|    0|
    |faddfsub_32ns_32ns_32_5_full_dsp_1_U106    |faddfsub_32ns_32ns_32_5_full_dsp_1  |        0|   2|  205|  219|    0|
    |grp_fft_Pipeline_VITIS_LOOP_106_10_fu_268  |fft_Pipeline_VITIS_LOOP_106_10      |        0|   0|  518|  406|    0|
    |grp_fft_Pipeline_VITIS_LOOP_125_12_fu_283  |fft_Pipeline_VITIS_LOOP_125_12      |        0|   0|  518|  406|    0|
    |grp_fft_Pipeline_VITIS_LOOP_144_14_fu_298  |fft_Pipeline_VITIS_LOOP_144_14      |        0|   0|  518|  406|    0|
    |grp_fft_Pipeline_VITIS_LOOP_163_16_fu_313  |fft_Pipeline_VITIS_LOOP_163_16      |        0|   0|  518|  406|    0|
    |grp_fft_Pipeline_VITIS_LOOP_30_2_fu_208    |fft_Pipeline_VITIS_LOOP_30_2        |        0|   0|  518|  406|    0|
    |grp_fft_Pipeline_VITIS_LOOP_49_4_fu_223    |fft_Pipeline_VITIS_LOOP_49_4        |        0|   0|  518|  406|    0|
    |grp_fft_Pipeline_VITIS_LOOP_68_6_fu_238    |fft_Pipeline_VITIS_LOOP_68_6        |        0|   0|  518|  406|    0|
    |grp_fft_Pipeline_VITIS_LOOP_87_8_fu_253    |fft_Pipeline_VITIS_LOOP_87_8        |        0|   0|  518|  406|    0|
    |fmul_32ns_32ns_32_4_max_dsp_1_U107         |fmul_32ns_32ns_32_4_max_dsp_1       |        0|   3|  143|   78|    0|
    |fmul_32ns_32ns_32_4_max_dsp_1_U108         |fmul_32ns_32ns_32_4_max_dsp_1       |        0|   3|  143|   78|    0|
    |fmul_32ns_32ns_32_4_max_dsp_1_U109         |fmul_32ns_32ns_32_4_max_dsp_1       |        0|   3|  143|   78|    0|
    |fmul_32ns_32ns_32_4_max_dsp_1_U110         |fmul_32ns_32ns_32_4_max_dsp_1       |        0|   3|  143|   78|    0|
    +-------------------------------------------+------------------------------------+---------+----+-----+-----+-----+
    |Total                                      |                                    |        0|  16| 5126| 3998|    0|
    +-------------------------------------------+------------------------------------+---------+----+-----+-----+-----+

    * DSP: 
    N/A

    * Memory: 
    N/A

    * FIFO: 
    N/A

    * Expression: 
    +---------------------------+----------+----+---+----+------------+------------+
    |       Variable Name       | Operation| DSP| FF| LUT| Bitwidth P0| Bitwidth P1|
    +---------------------------+----------+----+---+----+------------+------------+
    |add_ln103_1_fu_869_p2      |         +|   0|  0|   9|           2|           1|
    |add_ln103_fu_796_p2        |         +|   0|  0|  12|           5|           1|
    |add_ln105_fu_819_p2        |         +|   0|  0|  12|           4|           2|
    |add_ln122_1_fu_980_p2      |         +|   0|  0|   9|           2|           1|
    |add_ln122_fu_907_p2        |         +|   0|  0|  12|           5|           1|
    |add_ln124_fu_930_p2        |         +|   0|  0|  12|           4|           2|
    |add_ln141_1_fu_1091_p2     |         +|   0|  0|   9|           2|           1|
    |add_ln141_fu_1018_p2       |         +|   0|  0|  12|           5|           1|
    |add_ln143_fu_1041_p2       |         +|   0|  0|  12|           4|           2|
    |add_ln160_1_fu_1187_p2     |         +|   0|  0|   9|           2|           1|
    |add_ln160_fu_1129_p2       |         +|   0|  0|  12|           5|           1|
    |add_ln162_fu_1152_p2       |         +|   0|  0|  12|           4|           2|
    |add_ln27_1_fu_425_p2       |         +|   0|  0|   9|           2|           1|
    |add_ln27_fu_352_p2         |         +|   0|  0|  12|           5|           1|
    |add_ln29_fu_375_p2         |         +|   0|  0|  12|           4|           2|
    |add_ln46_1_fu_536_p2       |         +|   0|  0|   9|           2|           1|
    |add_ln46_fu_463_p2         |         +|   0|  0|  12|           5|           1|
    |add_ln48_fu_486_p2         |         +|   0|  0|  12|           4|           2|
    |add_ln65_1_fu_647_p2       |         +|   0|  0|   9|           2|           1|
    |add_ln65_fu_574_p2         |         +|   0|  0|  12|           5|           1|
    |add_ln67_fu_597_p2         |         +|   0|  0|  12|           4|           2|
    |add_ln84_1_fu_758_p2       |         +|   0|  0|   9|           2|           1|
    |add_ln84_fu_685_p2         |         +|   0|  0|  12|           5|           1|
    |add_ln86_fu_708_p2         |         +|   0|  0|  12|           4|           2|
    |stage_10_fu_835_p2         |         +|   0|  0|  12|           4|           1|
    |stage_12_fu_946_p2         |         +|   0|  0|  12|           4|           1|
    |stage_14_fu_1057_p2        |         +|   0|  0|  12|           4|           1|
    |stage_15_fu_1168_p2        |         +|   0|  0|  12|           4|           1|
    |stage_2_fu_391_p2          |         +|   0|  0|  12|           4|           1|
    |stage_4_fu_502_p2          |         +|   0|  0|  12|           4|           1|
    |stage_6_fu_613_p2          |         +|   0|  0|  12|           4|           1|
    |stage_8_fu_724_p2          |         +|   0|  0|  12|           4|           1|
    |sub196_fu_665_p2           |         -|   0|  0|  12|           5|           4|
    |sub295_fu_776_p2           |         -|   0|  0|  12|           5|           4|
    |sub394_fu_887_p2           |         -|   0|  0|  12|           5|           4|
    |sub493_fu_998_p2           |         -|   0|  0|  12|           5|           4|
    |sub592_fu_1109_p2          |         -|   0|  0|  12|           5|           4|
    |sub691_fu_1205_p2          |         -|   0|  0|  12|           5|           4|
    |sub97_fu_554_p2            |         -|   0|  0|  12|           5|           4|
    |sub9_fu_443_p2             |         -|   0|  0|  12|           5|           4|
    |icmp_ln103_fu_790_p2       |      icmp|   0|  0|  13|           5|           6|
    |icmp_ln104_fu_805_p2       |      icmp|   0|  0|  12|           4|           4|
    |icmp_ln122_fu_901_p2       |      icmp|   0|  0|  13|           5|           6|
    |icmp_ln123_fu_916_p2       |      icmp|   0|  0|  12|           4|           4|
    |icmp_ln141_fu_1012_p2      |      icmp|   0|  0|  13|           5|           6|
    |icmp_ln142_fu_1027_p2      |      icmp|   0|  0|  12|           4|           4|
    |icmp_ln160_fu_1123_p2      |      icmp|   0|  0|  13|           5|           6|
    |icmp_ln161_fu_1138_p2      |      icmp|   0|  0|  12|           4|           4|
    |icmp_ln27_fu_346_p2        |      icmp|   0|  0|  13|           5|           6|
    |icmp_ln28_fu_361_p2        |      icmp|   0|  0|  12|           4|           4|
    |icmp_ln46_fu_457_p2        |      icmp|   0|  0|  13|           5|           6|
    |icmp_ln47_fu_472_p2        |      icmp|   0|  0|  12|           4|           4|
    |icmp_ln65_fu_568_p2        |      icmp|   0|  0|  13|           5|           6|
    |icmp_ln66_fu_583_p2        |      icmp|   0|  0|  12|           4|           4|
    |icmp_ln84_fu_679_p2        |      icmp|   0|  0|  13|           5|           6|
    |icmp_ln85_fu_694_p2        |      icmp|   0|  0|  12|           4|           4|
    |select_ln103_1_fu_875_p3   |    select|   0|  0|   2|           1|           2|
    |select_ln103_fu_811_p3     |    select|   0|  0|   4|           1|           1|
    |select_ln122_1_fu_986_p3   |    select|   0|  0|   2|           1|           2|
    |select_ln122_fu_922_p3     |    select|   0|  0|   4|           1|           1|
    |select_ln141_1_fu_1097_p3  |    select|   0|  0|   2|           1|           2|
    |select_ln141_fu_1033_p3    |    select|   0|  0|   4|           1|           1|
    |select_ln160_1_fu_1193_p3  |    select|   0|  0|   2|           1|           2|
    |select_ln160_fu_1144_p3    |    select|   0|  0|   4|           1|           1|
    |select_ln27_1_fu_431_p3    |    select|   0|  0|   2|           1|           2|
    |select_ln27_fu_367_p3      |    select|   0|  0|   4|           1|           1|
    |select_ln46_1_fu_542_p3    |    select|   0|  0|   2|           1|           2|
    |select_ln46_fu_478_p3      |    select|   0|  0|   4|           1|           1|
    |select_ln65_1_fu_653_p3    |    select|   0|  0|   2|           1|           2|
    |select_ln65_fu_589_p3      |    select|   0|  0|   4|           1|           1|
    |select_ln84_1_fu_764_p3    |    select|   0|  0|   2|           1|           2|
    |select_ln84_fu_700_p3      |    select|   0|  0|   4|           1|           1|
    |numBF_1_fu_496_p2          |       shl|   0|  0|  17|           1|           8|
    |numBF_2_fu_607_p2          |       shl|   0|  0|  17|           1|           8|
    |numBF_3_fu_718_p2          |       shl|   0|  0|  17|           1|           8|
    |numBF_4_fu_829_p2          |       shl|   0|  0|  17|           1|           8|
    |numBF_5_fu_940_p2          |       shl|   0|  0|  17|           1|           8|
    |numBF_6_fu_1051_p2         |       shl|   0|  0|  17|           1|           8|
    |numBF_7_fu_1162_p2         |       shl|   0|  0|  17|           1|           8|
    |numBF_fu_385_p2            |       shl|   0|  0|  17|           1|           8|
    +---------------------------+----------+----+---+----+------------+------------+
    |Total                      |          |   0|  0| 840|         256|         240|
    +---------------------------+----------+----+---+----+------------+------------+

    * Multiplexer: 
    +---------------------------------+-----+-----------+-----+-----------+
    |               Name              | LUT | Input Size| Bits| Total Bits|
    +---------------------------------+-----+-----------+-----+-----------+
    |ap_NS_fsm                        |  123|         26|    1|         26|
    |cos_coefficients_table_address0  |   49|          9|    9|         81|
    |cos_coefficients_table_ce0       |   49|          9|    1|          9|
    |grp_fu_1608_ce                   |   49|          9|    1|          9|
    |grp_fu_1608_opcode               |   49|          9|    2|         18|
    |grp_fu_1608_p0                   |   49|          9|   32|        288|
    |grp_fu_1608_p1                   |   49|          9|   32|        288|
    |grp_fu_1612_ce                   |   49|          9|    1|          9|
    |grp_fu_1612_opcode               |   49|          9|    2|         18|
    |grp_fu_1612_p0                   |   49|          9|   32|        288|
    |grp_fu_1612_p1                   |   49|          9|   32|        288|
    |grp_fu_1616_ce                   |   49|          9|    1|          9|
    |grp_fu_1616_p0                   |   49|          9|   32|        288|
    |grp_fu_1616_p1                   |   49|          9|   32|        288|
    |grp_fu_1620_ce                   |   49|          9|    1|          9|
    |grp_fu_1620_p0                   |   49|          9|   32|        288|
    |grp_fu_1620_p1                   |   49|          9|   32|        288|
    |grp_fu_1624_ce                   |   49|          9|    1|          9|
    |grp_fu_1624_p0                   |   49|          9|   32|        288|
    |grp_fu_1624_p1                   |   49|          9|   32|        288|
    |grp_fu_1628_ce                   |   49|          9|    1|          9|
    |grp_fu_1628_p0                   |   49|          9|   32|        288|
    |grp_fu_1628_p1                   |   49|          9|   32|        288|
    |i_1_fu_128                       |    9|          2|    2|          4|
    |i_2_fu_140                       |    9|          2|    2|          4|
    |i_3_fu_152                       |    9|          2|    2|          4|
    |i_4_fu_164                       |    9|          2|    2|          4|
    |i_5_fu_176                       |    9|          2|    2|          4|
    |i_6_fu_188                       |    9|          2|    2|          4|
    |i_7_fu_200                       |    9|          2|    2|          4|
    |i_fu_116                         |    9|          2|    2|          4|
    |indvar_flatten13_fu_144          |    9|          2|    5|         10|
    |indvar_flatten20_fu_156          |    9|          2|    5|         10|
    |indvar_flatten27_fu_168          |    9|          2|    5|         10|
    |indvar_flatten34_fu_180          |    9|          2|    5|         10|
    |indvar_flatten41_fu_192          |    9|          2|    5|         10|
    |indvar_flatten48_fu_204          |    9|          2|    5|         10|
    |indvar_flatten6_fu_132           |    9|          2|    5|         10|
    |indvar_flatten_fu_120            |    9|          2|    5|         10|
    |sin_coefficients_table_address0  |   49|          9|    9|         81|
    |sin_coefficients_table_ce0       |   49|          9|    1|          9|
    |stage_11_fu_184                  |    9|          2|    4|          8|
    |stage_13_fu_196                  |    9|          2|    4|          8|
    |stage_1_fu_124                   |    9|          2|    4|          8|
    |stage_3_fu_136                   |    9|          2|    4|          8|
    |stage_5_fu_148                   |    9|          2|    4|          8|
    |stage_7_fu_160                   |    9|          2|    4|          8|
    |stage_9_fu_172                   |    9|          2|    4|          8|
    |stage_fu_112                     |    9|          2|    4|          8|
    +---------------------------------+-----+-----------+-----+-----------+
    |Total                            | 1515|        290|  503|       3928|
    +---------------------------------+-----+-----------+-----+-----------+

    * Register: 
    +--------------------------------------------------------+----+----+-----+-----------+
    |                          Name                          | FF | LUT| Bits| Const Bits|
    +--------------------------------------------------------+----+----+-----+-----------+
    |ap_CS_fsm                                               |  25|   0|   25|          0|
    |grp_fft_Pipeline_VITIS_LOOP_106_10_fu_268_ap_start_reg  |   1|   0|    1|          0|
    |grp_fft_Pipeline_VITIS_LOOP_125_12_fu_283_ap_start_reg  |   1|   0|    1|          0|
    |grp_fft_Pipeline_VITIS_LOOP_144_14_fu_298_ap_start_reg  |   1|   0|    1|          0|
    |grp_fft_Pipeline_VITIS_LOOP_163_16_fu_313_ap_start_reg  |   1|   0|    1|          0|
    |grp_fft_Pipeline_VITIS_LOOP_30_2_fu_208_ap_start_reg    |   1|   0|    1|          0|
    |grp_fft_Pipeline_VITIS_LOOP_49_4_fu_223_ap_start_reg    |   1|   0|    1|          0|
    |grp_fft_Pipeline_VITIS_LOOP_68_6_fu_238_ap_start_reg    |   1|   0|    1|          0|
    |grp_fft_Pipeline_VITIS_LOOP_87_8_fu_253_ap_start_reg    |   1|   0|    1|          0|
    |i_1_fu_128                                              |   2|   0|    2|          0|
    |i_2_fu_140                                              |   2|   0|    2|          0|
    |i_3_fu_152                                              |   2|   0|    2|          0|
    |i_4_fu_164                                              |   2|   0|    2|          0|
    |i_5_fu_176                                              |   2|   0|    2|          0|
    |i_6_fu_188                                              |   2|   0|    2|          0|
    |i_7_fu_200                                              |   2|   0|    2|          0|
    |i_fu_116                                                |   2|   0|    2|          0|
    |icmp_ln104_reg_1436                                     |   1|   0|    1|          0|
    |icmp_ln123_reg_1485                                     |   1|   0|    1|          0|
    |icmp_ln142_reg_1534                                     |   1|   0|    1|          0|
    |icmp_ln161_reg_1583                                     |   1|   0|    1|          0|
    |icmp_ln28_reg_1240                                      |   1|   0|    1|          0|
    |icmp_ln47_reg_1289                                      |   1|   0|    1|          0|
    |icmp_ln66_reg_1338                                      |   1|   0|    1|          0|
    |icmp_ln85_reg_1387                                      |   1|   0|    1|          0|
    |indvar_flatten13_fu_144                                 |   5|   0|    5|          0|
    |indvar_flatten20_fu_156                                 |   5|   0|    5|          0|
    |indvar_flatten27_fu_168                                 |   5|   0|    5|          0|
    |indvar_flatten34_fu_180                                 |   5|   0|    5|          0|
    |indvar_flatten41_fu_192                                 |   5|   0|    5|          0|
    |indvar_flatten48_fu_204                                 |   5|   0|    5|          0|
    |indvar_flatten6_fu_132                                  |   5|   0|    5|          0|
    |indvar_flatten_fu_120                                   |   5|   0|    5|          0|
    |numBF_1_reg_1299                                        |   8|   0|    8|          0|
    |numBF_2_reg_1348                                        |   8|   0|    8|          0|
    |numBF_3_reg_1397                                        |   8|   0|    8|          0|
    |numBF_4_reg_1446                                        |   8|   0|    8|          0|
    |numBF_5_reg_1495                                        |   8|   0|    8|          0|
    |numBF_6_reg_1544                                        |   8|   0|    8|          0|
    |numBF_7_reg_1593                                        |   8|   0|    8|          0|
    |numBF_reg_1250                                          |   8|   0|    8|          0|
    |select_ln103_reg_1441                                   |   4|   0|    4|          0|
    |select_ln122_reg_1490                                   |   4|   0|    4|          0|
    |select_ln141_reg_1539                                   |   4|   0|    4|          0|
    |select_ln160_reg_1588                                   |   4|   0|    4|          0|
    |select_ln27_reg_1245                                    |   4|   0|    4|          0|
    |select_ln46_reg_1294                                    |   4|   0|    4|          0|
    |select_ln65_reg_1343                                    |   4|   0|    4|          0|
    |select_ln84_reg_1392                                    |   4|   0|    4|          0|
    |stage_11_fu_184                                         |   4|   0|    4|          0|
    |stage_13_fu_196                                         |   4|   0|    4|          0|
    |stage_1_fu_124                                          |   4|   0|    4|          0|
    |stage_3_fu_136                                          |   4|   0|    4|          0|
    |stage_5_fu_148                                          |   4|   0|    4|          0|
    |stage_7_fu_160                                          |   4|   0|    4|          0|
    |stage_9_fu_172                                          |   4|   0|    4|          0|
    |stage_fu_112                                            |   4|   0|    4|          0|
    |sub196_reg_1379                                         |   4|   0|    4|          0|
    |sub295_reg_1428                                         |   4|   0|    4|          0|
    |sub394_reg_1477                                         |   4|   0|    4|          0|
    |sub493_reg_1526                                         |   4|   0|    4|          0|
    |sub592_reg_1575                                         |   4|   0|    4|          0|
    |sub691_reg_1603                                         |   4|   0|    4|          0|
    |sub97_reg_1330                                          |   4|   0|    4|          0|
    |sub9_reg_1281                                           |   4|   0|    4|          0|
    |trunc_ln104_reg_1472                                    |   1|   0|    1|          0|
    |trunc_ln123_reg_1521                                    |   1|   0|    1|          0|
    |trunc_ln142_reg_1570                                    |   1|   0|    1|          0|
    |trunc_ln161_reg_1598                                    |   1|   0|    1|          0|
    |trunc_ln28_reg_1276                                     |   1|   0|    1|          0|
    |trunc_ln47_reg_1325                                     |   1|   0|    1|          0|
    |trunc_ln66_reg_1374                                     |   1|   0|    1|          0|
    |trunc_ln85_reg_1423                                     |   1|   0|    1|          0|
    +--------------------------------------------------------+----+----+-----+-----------+
    |Total                                                   | 265|   0|  265|          0|
    +--------------------------------------------------------+----+----+-----+-----------+



================================================================
== Interface
================================================================
* Summary: 
+---------------------------------+-----+-----+------------+------------------------+--------------+
|            RTL Ports            | Dir | Bits|  Protocol  |      Source Object     |    C Type    |
+---------------------------------+-----+-----+------------+------------------------+--------------+
|ap_clk                           |   in|    1|  ap_ctrl_hs|                     fft|  return value|
|ap_rst                           |   in|    1|  ap_ctrl_hs|                     fft|  return value|
|ap_start                         |   in|    1|  ap_ctrl_hs|                     fft|  return value|
|ap_done                          |  out|    1|  ap_ctrl_hs|                     fft|  return value|
|ap_idle                          |  out|    1|  ap_ctrl_hs|                     fft|  return value|
|ap_ready                         |  out|    1|  ap_ctrl_hs|                     fft|  return value|
|X_R_0_address0                   |  out|   10|   ap_memory|                   X_R_0|         array|
|X_R_0_ce0                        |  out|    1|   ap_memory|                   X_R_0|         array|
|X_R_0_we0                        |  out|    1|   ap_memory|                   X_R_0|         array|
|X_R_0_d0                         |  out|   32|   ap_memory|                   X_R_0|         array|
|X_R_0_q0                         |   in|   32|   ap_memory|                   X_R_0|         array|
|X_R_0_address1                   |  out|   10|   ap_memory|                   X_R_0|         array|
|X_R_0_ce1                        |  out|    1|   ap_memory|                   X_R_0|         array|
|X_R_0_q1                         |   in|   32|   ap_memory|                   X_R_0|         array|
|X_R_1_address0                   |  out|   10|   ap_memory|                   X_R_1|         array|
|X_R_1_ce0                        |  out|    1|   ap_memory|                   X_R_1|         array|
|X_R_1_we0                        |  out|    1|   ap_memory|                   X_R_1|         array|
|X_R_1_d0                         |  out|   32|   ap_memory|                   X_R_1|         array|
|X_R_1_q0                         |   in|   32|   ap_memory|                   X_R_1|         array|
|X_R_1_address1                   |  out|   10|   ap_memory|                   X_R_1|         array|
|X_R_1_ce1                        |  out|    1|   ap_memory|                   X_R_1|         array|
|X_R_1_q1                         |   in|   32|   ap_memory|                   X_R_1|         array|
|X_R_2_address0                   |  out|   10|   ap_memory|                   X_R_2|         array|
|X_R_2_ce0                        |  out|    1|   ap_memory|                   X_R_2|         array|
|X_R_2_we0                        |  out|    1|   ap_memory|                   X_R_2|         array|
|X_R_2_d0                         |  out|   32|   ap_memory|                   X_R_2|         array|
|X_R_2_q0                         |   in|   32|   ap_memory|                   X_R_2|         array|
|X_R_2_address1                   |  out|   10|   ap_memory|                   X_R_2|         array|
|X_R_2_ce1                        |  out|    1|   ap_memory|                   X_R_2|         array|
|X_R_2_q1                         |   in|   32|   ap_memory|                   X_R_2|         array|
|X_R_3_address0                   |  out|   10|   ap_memory|                   X_R_3|         array|
|X_R_3_ce0                        |  out|    1|   ap_memory|                   X_R_3|         array|
|X_R_3_we0                        |  out|    1|   ap_memory|                   X_R_3|         array|
|X_R_3_d0                         |  out|   32|   ap_memory|                   X_R_3|         array|
|X_R_3_q0                         |   in|   32|   ap_memory|                   X_R_3|         array|
|X_R_3_address1                   |  out|   10|   ap_memory|                   X_R_3|         array|
|X_R_3_ce1                        |  out|    1|   ap_memory|                   X_R_3|         array|
|X_R_3_q1                         |   in|   32|   ap_memory|                   X_R_3|         array|
|X_R_4_address0                   |  out|   10|   ap_memory|                   X_R_4|         array|
|X_R_4_ce0                        |  out|    1|   ap_memory|                   X_R_4|         array|
|X_R_4_we0                        |  out|    1|   ap_memory|                   X_R_4|         array|
|X_R_4_d0                         |  out|   32|   ap_memory|                   X_R_4|         array|
|X_R_4_q0                         |   in|   32|   ap_memory|                   X_R_4|         array|
|X_R_4_address1                   |  out|   10|   ap_memory|                   X_R_4|         array|
|X_R_4_ce1                        |  out|    1|   ap_memory|                   X_R_4|         array|
|X_R_4_q1                         |   in|   32|   ap_memory|                   X_R_4|         array|
|X_R_5_address0                   |  out|   10|   ap_memory|                   X_R_5|         array|
|X_R_5_ce0                        |  out|    1|   ap_memory|                   X_R_5|         array|
|X_R_5_we0                        |  out|    1|   ap_memory|                   X_R_5|         array|
|X_R_5_d0                         |  out|   32|   ap_memory|                   X_R_5|         array|
|X_R_5_q0                         |   in|   32|   ap_memory|                   X_R_5|         array|
|X_R_5_address1                   |  out|   10|   ap_memory|                   X_R_5|         array|
|X_R_5_ce1                        |  out|    1|   ap_memory|                   X_R_5|         array|
|X_R_5_q1                         |   in|   32|   ap_memory|                   X_R_5|         array|
|X_R_6_address0                   |  out|   10|   ap_memory|                   X_R_6|         array|
|X_R_6_ce0                        |  out|    1|   ap_memory|                   X_R_6|         array|
|X_R_6_we0                        |  out|    1|   ap_memory|                   X_R_6|         array|
|X_R_6_d0                         |  out|   32|   ap_memory|                   X_R_6|         array|
|X_R_6_q0                         |   in|   32|   ap_memory|                   X_R_6|         array|
|X_R_6_address1                   |  out|   10|   ap_memory|                   X_R_6|         array|
|X_R_6_ce1                        |  out|    1|   ap_memory|                   X_R_6|         array|
|X_R_6_q1                         |   in|   32|   ap_memory|                   X_R_6|         array|
|X_R_7_address0                   |  out|   10|   ap_memory|                   X_R_7|         array|
|X_R_7_ce0                        |  out|    1|   ap_memory|                   X_R_7|         array|
|X_R_7_we0                        |  out|    1|   ap_memory|                   X_R_7|         array|
|X_R_7_d0                         |  out|   32|   ap_memory|                   X_R_7|         array|
|X_R_7_q0                         |   in|   32|   ap_memory|                   X_R_7|         array|
|X_R_7_address1                   |  out|   10|   ap_memory|                   X_R_7|         array|
|X_R_7_ce1                        |  out|    1|   ap_memory|                   X_R_7|         array|
|X_R_7_q1                         |   in|   32|   ap_memory|                   X_R_7|         array|
|X_I_0_address0                   |  out|   10|   ap_memory|                   X_I_0|         array|
|X_I_0_ce0                        |  out|    1|   ap_memory|                   X_I_0|         array|
|X_I_0_we0                        |  out|    1|   ap_memory|                   X_I_0|         array|
|X_I_0_d0                         |  out|   32|   ap_memory|                   X_I_0|         array|
|X_I_0_q0                         |   in|   32|   ap_memory|                   X_I_0|         array|
|X_I_0_address1                   |  out|   10|   ap_memory|                   X_I_0|         array|
|X_I_0_ce1                        |  out|    1|   ap_memory|                   X_I_0|         array|
|X_I_0_q1                         |   in|   32|   ap_memory|                   X_I_0|         array|
|X_I_1_address0                   |  out|   10|   ap_memory|                   X_I_1|         array|
|X_I_1_ce0                        |  out|    1|   ap_memory|                   X_I_1|         array|
|X_I_1_we0                        |  out|    1|   ap_memory|                   X_I_1|         array|
|X_I_1_d0                         |  out|   32|   ap_memory|                   X_I_1|         array|
|X_I_1_q0                         |   in|   32|   ap_memory|                   X_I_1|         array|
|X_I_1_address1                   |  out|   10|   ap_memory|                   X_I_1|         array|
|X_I_1_ce1                        |  out|    1|   ap_memory|                   X_I_1|         array|
|X_I_1_q1                         |   in|   32|   ap_memory|                   X_I_1|         array|
|X_I_2_address0                   |  out|   10|   ap_memory|                   X_I_2|         array|
|X_I_2_ce0                        |  out|    1|   ap_memory|                   X_I_2|         array|
|X_I_2_we0                        |  out|    1|   ap_memory|                   X_I_2|         array|
|X_I_2_d0                         |  out|   32|   ap_memory|                   X_I_2|         array|
|X_I_2_q0                         |   in|   32|   ap_memory|                   X_I_2|         array|
|X_I_2_address1                   |  out|   10|   ap_memory|                   X_I_2|         array|
|X_I_2_ce1                        |  out|    1|   ap_memory|                   X_I_2|         array|
|X_I_2_q1                         |   in|   32|   ap_memory|                   X_I_2|         array|
|X_I_3_address0                   |  out|   10|   ap_memory|                   X_I_3|         array|
|X_I_3_ce0                        |  out|    1|   ap_memory|                   X_I_3|         array|
|X_I_3_we0                        |  out|    1|   ap_memory|                   X_I_3|         array|
|X_I_3_d0                         |  out|   32|   ap_memory|                   X_I_3|         array|
|X_I_3_q0                         |   in|   32|   ap_memory|                   X_I_3|         array|
|X_I_3_address1                   |  out|   10|   ap_memory|                   X_I_3|         array|
|X_I_3_ce1                        |  out|    1|   ap_memory|                   X_I_3|         array|
|X_I_3_q1                         |   in|   32|   ap_memory|                   X_I_3|         array|
|X_I_4_address0                   |  out|   10|   ap_memory|                   X_I_4|         array|
|X_I_4_ce0                        |  out|    1|   ap_memory|                   X_I_4|         array|
|X_I_4_we0                        |  out|    1|   ap_memory|                   X_I_4|         array|
|X_I_4_d0                         |  out|   32|   ap_memory|                   X_I_4|         array|
|X_I_4_q0                         |   in|   32|   ap_memory|                   X_I_4|         array|
|X_I_4_address1                   |  out|   10|   ap_memory|                   X_I_4|         array|
|X_I_4_ce1                        |  out|    1|   ap_memory|                   X_I_4|         array|
|X_I_4_q1                         |   in|   32|   ap_memory|                   X_I_4|         array|
|X_I_5_address0                   |  out|   10|   ap_memory|                   X_I_5|         array|
|X_I_5_ce0                        |  out|    1|   ap_memory|                   X_I_5|         array|
|X_I_5_we0                        |  out|    1|   ap_memory|                   X_I_5|         array|
|X_I_5_d0                         |  out|   32|   ap_memory|                   X_I_5|         array|
|X_I_5_q0                         |   in|   32|   ap_memory|                   X_I_5|         array|
|X_I_5_address1                   |  out|   10|   ap_memory|                   X_I_5|         array|
|X_I_5_ce1                        |  out|    1|   ap_memory|                   X_I_5|         array|
|X_I_5_q1                         |   in|   32|   ap_memory|                   X_I_5|         array|
|X_I_6_address0                   |  out|   10|   ap_memory|                   X_I_6|         array|
|X_I_6_ce0                        |  out|    1|   ap_memory|                   X_I_6|         array|
|X_I_6_we0                        |  out|    1|   ap_memory|                   X_I_6|         array|
|X_I_6_d0                         |  out|   32|   ap_memory|                   X_I_6|         array|
|X_I_6_q0                         |   in|   32|   ap_memory|                   X_I_6|         array|
|X_I_6_address1                   |  out|   10|   ap_memory|                   X_I_6|         array|
|X_I_6_ce1                        |  out|    1|   ap_memory|                   X_I_6|         array|
|X_I_6_q1                         |   in|   32|   ap_memory|                   X_I_6|         array|
|X_I_7_address0                   |  out|   10|   ap_memory|                   X_I_7|         array|
|X_I_7_ce0                        |  out|    1|   ap_memory|                   X_I_7|         array|
|X_I_7_we0                        |  out|    1|   ap_memory|                   X_I_7|         array|
|X_I_7_d0                         |  out|   32|   ap_memory|                   X_I_7|         array|
|X_I_7_q0                         |   in|   32|   ap_memory|                   X_I_7|         array|
|X_I_7_address1                   |  out|   10|   ap_memory|                   X_I_7|         array|
|X_I_7_ce1                        |  out|    1|   ap_memory|                   X_I_7|         array|
|X_I_7_q1                         |   in|   32|   ap_memory|                   X_I_7|         array|
|cos_coefficients_table_address0  |  out|    9|   ap_memory|  cos_coefficients_table|         array|
|cos_coefficients_table_ce0       |  out|    1|   ap_memory|  cos_coefficients_table|         array|
|cos_coefficients_table_q0        |   in|   32|   ap_memory|  cos_coefficients_table|         array|
|sin_coefficients_table_address0  |  out|    9|   ap_memory|  sin_coefficients_table|         array|
|sin_coefficients_table_ce0       |  out|    1|   ap_memory|  sin_coefficients_table|         array|
|sin_coefficients_table_q0        |   in|   32|   ap_memory|  sin_coefficients_table|         array|
+---------------------------------+-----+-----+------------+------------------------+--------------+

