

================================================================
== Vitis HLS Report for 'Autocorrelation'
================================================================
* Date:           Fri May 30 22:03:38 2025

* Version:        2023.2 (Build 4023990 on Oct 11 2023)
* Project:        GSM
* Solution:       solution0 (Vivado IP Flow Target)
* Product family: virtexuplusHBM
* Target device:  xcu50-fsvh2104-2-e


================================================================
== Performance Estimates
================================================================
+ Timing: 
    * Summary: 
    +--------+---------+----------+------------+
    |  Clock |  Target | Estimated| Uncertainty|
    +--------+---------+----------+------------+
    |ap_clk  |  8.00 ns|  4.651 ns|     2.16 ns|
    +--------+---------+----------+------------+

+ Latency: 
    * Summary: 
    +---------+---------+----------+-----------+------+------+---------+
    |  Latency (cycles) |  Latency (absolute)  |   Interval  | Pipeline|
    |   min   |   max   |    min   |    max    |  min |  max |   Type  |
    +---------+---------+----------+-----------+------+------+---------+
    |     1128|     1456|  9.024 us|  11.648 us|  1128|  1456|       no|
    +---------+---------+----------+-----------+------+------+---------+

    + Detail: 
        * Instance: 
        +------------------------------------------------------------+-------------------------------------------------+---------+---------+-----------+-----------+-----+-----+---------+
        |                                                            |                                                 |  Latency (cycles) |   Latency (absolute)  |  Interval | Pipeline|
        |                          Instance                          |                      Module                     |   min   |   max   |    min    |    max    | min | max |   Type  |
        +------------------------------------------------------------+-------------------------------------------------+---------+---------+-----------+-----------+-----+-----+---------+
        |grp_gsm_norm_fu_326                                         |gsm_norm                                         |        1|        1|   8.000 ns|   8.000 ns|    1|    1|       no|
        |grp_Autocorrelation_Pipeline_VITIS_LOOP_65_1_fu_333         |Autocorrelation_Pipeline_VITIS_LOOP_65_1         |      165|      165|   1.320 us|   1.320 us|  165|  165|       no|
        |grp_Autocorrelation_Pipeline_Autocorrelation_label2_fu_342  |Autocorrelation_Pipeline_Autocorrelation_label2  |       11|       11|  88.000 ns|  88.000 ns|   11|   11|       no|
        |grp_Autocorrelation_Pipeline_Autocorrelation_label3_fu_348  |Autocorrelation_Pipeline_Autocorrelation_label3  |      765|      765|   6.120 us|   6.120 us|  765|  765|       no|
        |grp_Autocorrelation_Pipeline_Autocorrelation_label4_fu_373  |Autocorrelation_Pipeline_Autocorrelation_label4  |       11|       11|  88.000 ns|  88.000 ns|   11|   11|       no|
        |grp_Autocorrelation_Pipeline_Autocorrelation_label5_fu_379  |Autocorrelation_Pipeline_Autocorrelation_label5  |      162|      162|   1.296 us|   1.296 us|  162|  162|       no|
        +------------------------------------------------------------+-------------------------------------------------+---------+---------+-----------+-----------+-----+-----+---------+

        * Loop: 
        +--------------------------+---------+---------+----------+-----------+-----------+------+----------+
        |                          |  Latency (cycles) | Iteration|  Initiation Interval  | Trip |          |
        |         Loop Name        |   min   |   max   |  Latency |  achieved |   target  | Count| Pipelined|
        +--------------------------+---------+---------+----------+-----------+-----------+------+----------+
        |- Autocorrelation_label0  |      320|      320|         2|          -|          -|   160|        no|
        +--------------------------+---------+---------+----------+-----------+-----------+------+----------+



================================================================
== Utilization Estimates
================================================================
* Summary: 
+---------------------+---------+------+---------+--------+-----+
|         Name        | BRAM_18K|  DSP |    FF   |   LUT  | URAM|
+---------------------+---------+------+---------+--------+-----+
|DSP                  |        -|    15|        -|       -|    -|
|Expression           |        -|     -|        0|    1345|    -|
|FIFO                 |        -|     -|        -|       -|    -|
|Instance             |        -|    24|      848|    1513|    -|
|Memory               |        -|     -|        -|       -|    -|
|Multiplexer          |        -|     -|        -|     593|    -|
|Register             |        -|     -|     1577|       -|    -|
+---------------------+---------+------+---------+--------+-----+
|Total                |        0|    39|     2425|    3451|    0|
+---------------------+---------+------+---------+--------+-----+
|Available SLR        |     1344|  2976|   871680|  435840|  320|
+---------------------+---------+------+---------+--------+-----+
|Utilization SLR (%)  |        0|     1|       ~0|      ~0|    0|
+---------------------+---------+------+---------+--------+-----+
|Available            |     2688|  5952|  1743360|  871680|  640|
+---------------------+---------+------+---------+--------+-----+
|Utilization (%)      |        0|    ~0|       ~0|      ~0|    0|
+---------------------+---------+------+---------+--------+-----+

+ Detail: 
    * Instance: 
    +------------------------------------------------------------+-------------------------------------------------+---------+----+-----+------+-----+
    |                          Instance                          |                      Module                     | BRAM_18K| DSP|  FF |  LUT | URAM|
    +------------------------------------------------------------+-------------------------------------------------+---------+----+-----+------+-----+
    |grp_Autocorrelation_Pipeline_Autocorrelation_label2_fu_342  |Autocorrelation_Pipeline_Autocorrelation_label2  |        0|   0|    7|    39|    0|
    |grp_Autocorrelation_Pipeline_Autocorrelation_label3_fu_348  |Autocorrelation_Pipeline_Autocorrelation_label3  |        0|   9|  641|  1077|    0|
    |grp_Autocorrelation_Pipeline_Autocorrelation_label4_fu_373  |Autocorrelation_Pipeline_Autocorrelation_label4  |        0|   0|   12|    50|    0|
    |grp_Autocorrelation_Pipeline_Autocorrelation_label5_fu_379  |Autocorrelation_Pipeline_Autocorrelation_label5  |        0|   0|   19|   103|    0|
    |grp_Autocorrelation_Pipeline_VITIS_LOOP_65_1_fu_333         |Autocorrelation_Pipeline_VITIS_LOOP_65_1         |        0|   1|  169|   174|    0|
    |mul_16s_16s_32_1_1_U41                                      |mul_16s_16s_32_1_1                               |        0|   1|    0|     5|    0|
    |mul_16s_16s_32_1_1_U42                                      |mul_16s_16s_32_1_1                               |        0|   1|    0|     5|    0|
    |mul_16s_16s_32_1_1_U43                                      |mul_16s_16s_32_1_1                               |        0|   1|    0|     5|    0|
    |mul_16s_16s_32_1_1_U44                                      |mul_16s_16s_32_1_1                               |        0|   1|    0|     5|    0|
    |mul_16s_16s_32_1_1_U45                                      |mul_16s_16s_32_1_1                               |        0|   1|    0|     5|    0|
    |mul_16s_16s_32_1_1_U46                                      |mul_16s_16s_32_1_1                               |        0|   1|    0|     5|    0|
    |mul_16s_16s_32_1_1_U47                                      |mul_16s_16s_32_1_1                               |        0|   1|    0|     5|    0|
    |mul_16s_16s_32_1_1_U48                                      |mul_16s_16s_32_1_1                               |        0|   1|    0|     5|    0|
    |mul_16s_16s_32_1_1_U49                                      |mul_16s_16s_32_1_1                               |        0|   1|    0|     5|    0|
    |mul_16s_16s_32_1_1_U50                                      |mul_16s_16s_32_1_1                               |        0|   1|    0|     5|    0|
    |mul_16s_16s_32_1_1_U51                                      |mul_16s_16s_32_1_1                               |        0|   1|    0|     5|    0|
    |mul_16s_16s_32_1_1_U52                                      |mul_16s_16s_32_1_1                               |        0|   1|    0|     5|    0|
    |mul_16s_16s_32_1_1_U53                                      |mul_16s_16s_32_1_1                               |        0|   1|    0|     5|    0|
    |mul_16s_16s_32_1_1_U54                                      |mul_16s_16s_32_1_1                               |        0|   1|    0|     5|    0|
    +------------------------------------------------------------+-------------------------------------------------+---------+----+-----+------+-----+
    |Total                                                       |                                                 |        0|  24|  848|  1513|    0|
    +------------------------------------------------------------+-------------------------------------------------+---------+----+-----+------+-----+

    * DSP: 
    +------------------------------------------+--------------------------------------+---------------------+
    |                 Instance                 |                Module                |      Expression     |
    +------------------------------------------+--------------------------------------+---------------------+
    |am_addmul_16s_16s_16s_33_4_1_U57          |am_addmul_16s_16s_16s_33_4_1          |       (i0 + i1) * i2|
    |am_addmul_16s_16s_16s_33_4_1_U66          |am_addmul_16s_16s_16s_33_4_1          |       (i0 + i1) * i2|
    |ama_addmuladd_16s_16s_16s_32s_33_4_1_U55  |ama_addmuladd_16s_16s_16s_32s_33_4_1  |  (i0 + i1) * i2 + i3|
    |ama_addmuladd_16s_16s_16s_32s_33_4_1_U56  |ama_addmuladd_16s_16s_16s_32s_33_4_1  |  (i0 + i1) * i2 + i3|
    |ama_addmuladd_16s_16s_16s_33s_34_4_1_U65  |ama_addmuladd_16s_16s_16s_33s_34_4_1  |  i0 + (i1 + i2) * i3|
    |ama_addmuladd_16s_16s_16s_33s_34_4_1_U67  |ama_addmuladd_16s_16s_16s_33s_34_4_1  |  i0 + (i1 + i2) * i3|
    |ama_addmuladd_16s_16s_16s_33s_34_4_1_U68  |ama_addmuladd_16s_16s_16s_33s_34_4_1  |  i0 + (i1 + i2) * i3|
    |mac_muladd_16s_16s_32s_33_4_1_U58         |mac_muladd_16s_16s_32s_33_4_1         |         i0 + i1 * i1|
    |mac_muladd_16s_16s_32s_33_4_1_U59         |mac_muladd_16s_16s_32s_33_4_1         |         i0 + i1 * i2|
    |mac_muladd_16s_16s_32s_33_4_1_U60         |mac_muladd_16s_16s_32s_33_4_1         |         i0 + i1 * i2|
    |mac_muladd_16s_16s_32s_33_4_1_U61         |mac_muladd_16s_16s_32s_33_4_1         |         i0 + i1 * i1|
    |mac_muladd_16s_16s_32s_33_4_1_U62         |mac_muladd_16s_16s_32s_33_4_1         |         i0 + i1 * i1|
    |mac_muladd_16s_16s_32s_33_4_1_U69         |mac_muladd_16s_16s_32s_33_4_1         |         i0 + i1 * i2|
    |mac_muladd_16s_16s_33s_33_4_1_U63         |mac_muladd_16s_16s_33s_33_4_1         |         i0 + i1 * i1|
    |mac_muladd_16s_16s_33s_33_4_1_U64         |mac_muladd_16s_16s_33s_33_4_1         |         i0 + i1 * i2|
    +------------------------------------------+--------------------------------------+---------------------+

    * Memory: 
    N/A

    * FIFO: 
    N/A

    * Expression: 
    +----------------------------------+----------+----+---+----+------------+------------+
    |           Variable Name          | Operation| DSP| FF| LUT| Bitwidth P0| Bitwidth P1|
    +----------------------------------+----------+----+---+----+------------+------------+
    |add_ln119_1_fu_742_p2             |         +|   0|  0|  71|          64|          64|
    |add_ln119_3_fu_789_p2             |         +|   0|  0|  64|          64|          64|
    |add_ln119_7_fu_800_p2             |         +|   0|  0|  41|          34|          34|
    |add_ln119_fu_810_p2               |         +|   0|  0|  64|          64|          64|
    |add_ln120_1_fu_817_p2             |         +|   0|  0|  64|          64|          64|
    |add_ln120_fu_825_p2               |         +|   0|  0|  64|          64|          64|
    |add_ln121_1_fu_832_p2             |         +|   0|  0|  64|          64|          64|
    |add_ln121_fu_840_p2               |         +|   0|  0|  64|          64|          64|
    |add_ln122_1_fu_847_p2             |         +|   0|  0|  64|          64|          64|
    |add_ln122_fu_855_p2               |         +|   0|  0|  64|          64|          64|
    |add_ln123_1_fu_862_p2             |         +|   0|  0|  64|          64|          64|
    |add_ln123_fu_870_p2               |         +|   0|  0|  64|          64|          64|
    |add_ln124_1_fu_754_p2             |         +|   0|  0|  64|          64|          64|
    |add_ln124_fu_763_p2               |         +|   0|  0|  64|          64|          64|
    |add_ln125_fu_880_p2               |         +|   0|  0|  71|          64|          64|
    |add_ln126_fu_890_p2               |         +|   0|  0|  71|          64|          64|
    |add_ln49_fu_424_p2                |         +|   0|  0|  15|           8|           1|
    |add_ln62_fu_531_p2                |         +|   0|  0|  14|           7|           2|
    |scalauto_fu_518_p2                |         -|   0|  0|  14|           3|           7|
    |sub_ln67_fu_473_p2                |         -|   0|  0|  23|           1|          16|
    |ap_block_state23_on_subcall_done  |       and|   0|  0|   2|           1|           1|
    |ap_block_state4_on_subcall_done   |       and|   0|  0|   2|           1|           1|
    |ap_block_state5_on_subcall_done   |       and|   0|  0|   2|           1|           1|
    |icmp_ln49_fu_418_p2               |      icmp|   0|  0|  15|           8|           8|
    |icmp_ln52_fu_495_p2               |      icmp|   0|  0|  23|          16|          16|
    |icmp_ln57_fu_440_p2               |      icmp|   0|  0|  23|          16|           1|
    |icmp_ln62_1_fu_547_p2             |      icmp|   0|  0|  12|           5|           1|
    |icmp_ln62_fu_525_p2               |      icmp|   0|  0|  14|           7|           1|
    |icmp_ln67_fu_467_p2               |      icmp|   0|  0|  24|          16|          17|
    |b_assign_11_fu_557_p2             |      lshr|   0|  0|  92|          15|          32|
    |select_ln67_fu_479_p3             |    select|   0|  0|  16|           1|          15|
    |smax_1_fu_501_p3                  |    select|   0|  0|  16|           1|          16|
    |temp_fu_487_p3                    |    select|   0|  0|  16|           1|          16|
    +----------------------------------+----------+----+---+----+------------+------------+
    |Total                             |          |   0|  0|1345|        1102|        1146|
    +----------------------------------+----------+----+---+----+------------+------------+

    * Multiplexer: 
    +-------------------------------------+-----+-----------+-----+-----------+
    |                 Name                | LUT | Input Size| Bits| Total Bits|
    +-------------------------------------+-----+-----------+-----+-----------+
    |L_ACF_address0                       |   59|         11|    4|         44|
    |L_ACF_address1                       |   59|         11|    4|         44|
    |L_ACF_ce0                            |   20|          4|    1|          4|
    |L_ACF_ce1                            |   14|          3|    1|          3|
    |L_ACF_d0                             |   37|          7|   64|        448|
    |L_ACF_d1                             |   31|          6|   64|        384|
    |L_ACF_we0                            |   20|          4|    1|          4|
    |ap_NS_fsm                            |  118|         24|    1|         24|
    |ap_phi_mux_scalauto_2_phi_fu_318_p4  |    9|          2|    7|         14|
    |indata_address0                      |   49|          9|    8|         72|
    |indata_address1                      |   43|          8|    8|         64|
    |indata_ce0                           |   26|          5|    1|          5|
    |indata_ce1                           |   26|          5|    1|          5|
    |indata_d0                            |   14|          3|   16|         48|
    |indata_we0                           |   14|          3|    1|          3|
    |k_fu_96                              |    9|          2|    8|         16|
    |reg_389                              |    9|          2|   16|         32|
    |reg_394                              |    9|          2|   16|         32|
    |reg_399                              |    9|          2|   64|        128|
    |scalauto_2_reg_314                   |    9|          2|    7|         14|
    |smax_fu_92                           |    9|          2|   16|         32|
    +-------------------------------------+-----+-----------+-----+-----------+
    |Total                                |  593|        117|  309|       1420|
    +-------------------------------------+-----+-----------+-----+-----------+

    * Register: 
    +-------------------------------------------------------------------------+----+----+-----+-----------+
    |                                   Name                                  | FF | LUT| Bits| Const Bits|
    +-------------------------------------------------------------------------+----+----+-----+-----------+
    |L_ACF_load_2_reg_1321                                                    |  64|   0|   64|          0|
    |L_ACF_load_3_reg_1326                                                    |  64|   0|   64|          0|
    |L_ACF_load_4_reg_1360                                                    |  64|   0|   64|          0|
    |L_ACF_load_5_reg_1365                                                    |  64|   0|   64|          0|
    |add_ln119_1_reg_1447                                                     |  64|   0|   64|          0|
    |add_ln119_reg_1493                                                       |  64|   0|   64|          0|
    |add_ln120_reg_1498                                                       |  64|   0|   64|          0|
    |add_ln121_reg_1503                                                       |  64|   0|   64|          0|
    |add_ln122_reg_1508                                                       |  64|   0|   64|          0|
    |add_ln123_reg_1513                                                       |  64|   0|   64|          0|
    |add_ln124_reg_1472                                                       |  64|   0|   64|          0|
    |add_ln125_reg_1518                                                       |  64|   0|   64|          0|
    |add_ln126_reg_1523                                                       |  64|   0|   64|          0|
    |ap_CS_fsm                                                                |  23|   0|   23|          0|
    |grp_Autocorrelation_Pipeline_Autocorrelation_label2_fu_342_ap_start_reg  |   1|   0|    1|          0|
    |grp_Autocorrelation_Pipeline_Autocorrelation_label3_fu_348_ap_start_reg  |   1|   0|    1|          0|
    |grp_Autocorrelation_Pipeline_Autocorrelation_label4_fu_373_ap_start_reg  |   1|   0|    1|          0|
    |grp_Autocorrelation_Pipeline_Autocorrelation_label5_fu_379_ap_start_reg  |   1|   0|    1|          0|
    |grp_Autocorrelation_Pipeline_VITIS_LOOP_65_1_fu_333_ap_start_reg         |   1|   0|    1|          0|
    |grp_gsm_norm_fu_326_ap_start_reg                                         |   1|   0|    1|          0|
    |icmp_ln57_reg_1152                                                       |   1|   0|    1|          0|
    |icmp_ln62_1_reg_1165                                                     |   1|   0|    1|          0|
    |icmp_ln62_reg_1161                                                       |   1|   0|    1|          0|
    |k_fu_96                                                                  |   8|   0|    8|          0|
    |mul_ln102_reg_1427                                                       |  32|   0|   32|          0|
    |mul_ln107_reg_1432                                                       |  32|   0|   32|          0|
    |mul_ln126_reg_1477                                                       |  32|   0|   32|          0|
    |mul_ln91_reg_1417                                                        |  32|   0|   32|          0|
    |reg_389                                                                  |  16|   0|   16|          0|
    |reg_394                                                                  |  16|   0|   16|          0|
    |reg_399                                                                  |  64|   0|   64|          0|
    |scalauto_2_reg_314                                                       |   7|   0|    7|          0|
    |sext_ln104_2_reg_1350                                                    |  32|   0|   32|          0|
    |sext_ln111_1_reg_1376                                                    |  32|   0|   32|          0|
    |sext_ln119_1_reg_1295                                                    |  32|   0|   32|          0|
    |sext_ln60_reg_1156                                                       |  48|   0|   64|         16|
    |sext_ln84_reg_1229                                                       |  17|   0|   17|          0|
    |sext_ln86_2_reg_1312                                                     |  32|   0|   32|          0|
    |sext_ln89_1_reg_1250                                                     |  32|   0|   32|          0|
    |sext_ln89_reg_1244                                                       |  17|   0|   17|          0|
    |sext_ln93_1_reg_1272                                                     |  32|   0|   32|          0|
    |sext_ln93_reg_1265                                                       |  33|   0|   33|          0|
    |sext_ln98_1_reg_1285                                                     |  17|   0|   17|          0|
    |sext_ln98_2_reg_1337                                                     |  32|   0|   32|          0|
    |sext_ln98_reg_1279                                                       |  33|   0|   33|          0|
    |sl_4_reg_1205                                                            |  16|   0|   16|          0|
    |sl_5_reg_1212                                                            |  16|   0|   16|          0|
    |sl_reg_1179                                                              |  16|   0|   16|          0|
    |smax_fu_92                                                               |  16|   0|   16|          0|
    |trunc_ln152_reg_1528                                                     |   6|   0|    6|          0|
    |trunc_ln65_reg_1169                                                      |  15|   0|   15|          0|
    +-------------------------------------------------------------------------+----+----+-----+-----------+
    |Total                                                                    |1577|   0| 1593|         16|
    +-------------------------------------------------------------------------+----+----+-----+-----------+



================================================================
== Interface
================================================================
* Summary: 
+-----------------------------+-----+-----+------------+-----------------+--------------+
|          RTL Ports          | Dir | Bits|  Protocol  |  Source Object  |    C Type    |
+-----------------------------+-----+-----+------------+-----------------+--------------+
|ap_clk                       |   in|    1|  ap_ctrl_hs|  Autocorrelation|  return value|
|ap_rst                       |   in|    1|  ap_ctrl_hs|  Autocorrelation|  return value|
|ap_start                     |   in|    1|  ap_ctrl_hs|  Autocorrelation|  return value|
|ap_done                      |  out|    1|  ap_ctrl_hs|  Autocorrelation|  return value|
|ap_idle                      |  out|    1|  ap_ctrl_hs|  Autocorrelation|  return value|
|ap_ready                     |  out|    1|  ap_ctrl_hs|  Autocorrelation|  return value|
|grp_gsm_norm_fu_323_p_din1   |  out|   64|  ap_ctrl_hs|  Autocorrelation|  return value|
|grp_gsm_norm_fu_323_p_dout0  |   in|    6|  ap_ctrl_hs|  Autocorrelation|  return value|
|grp_gsm_norm_fu_323_p_start  |  out|    1|  ap_ctrl_hs|  Autocorrelation|  return value|
|grp_gsm_norm_fu_323_p_ready  |   in|    1|  ap_ctrl_hs|  Autocorrelation|  return value|
|grp_gsm_norm_fu_323_p_done   |   in|    1|  ap_ctrl_hs|  Autocorrelation|  return value|
|grp_gsm_norm_fu_323_p_idle   |   in|    1|  ap_ctrl_hs|  Autocorrelation|  return value|
|indata_address0              |  out|    8|   ap_memory|           indata|         array|
|indata_ce0                   |  out|    1|   ap_memory|           indata|         array|
|indata_we0                   |  out|    1|   ap_memory|           indata|         array|
|indata_d0                    |  out|   16|   ap_memory|           indata|         array|
|indata_q0                    |   in|   16|   ap_memory|           indata|         array|
|indata_address1              |  out|    8|   ap_memory|           indata|         array|
|indata_ce1                   |  out|    1|   ap_memory|           indata|         array|
|indata_q1                    |   in|   16|   ap_memory|           indata|         array|
|L_ACF_address0               |  out|    4|   ap_memory|            L_ACF|         array|
|L_ACF_ce0                    |  out|    1|   ap_memory|            L_ACF|         array|
|L_ACF_we0                    |  out|    1|   ap_memory|            L_ACF|         array|
|L_ACF_d0                     |  out|   64|   ap_memory|            L_ACF|         array|
|L_ACF_q0                     |   in|   64|   ap_memory|            L_ACF|         array|
|L_ACF_address1               |  out|    4|   ap_memory|            L_ACF|         array|
|L_ACF_ce1                    |  out|    1|   ap_memory|            L_ACF|         array|
|L_ACF_we1                    |  out|    1|   ap_memory|            L_ACF|         array|
|L_ACF_d1                     |  out|   64|   ap_memory|            L_ACF|         array|
|L_ACF_q1                     |   in|   64|   ap_memory|            L_ACF|         array|
+-----------------------------+-----+-----+------------+-----------------+--------------+

